]0;:/c/Users/WEUZE/Documents/BIOINFORMATICS/mouse_gene_data_project[?25l
[0;32mWEUZE@LAPTOP-7EBLBEUS [0;35m [0;33m~/Documents/BIOINFORMATICS/mouse_gene_data_project[0m[0K
$ gt==[0K[?25h[?25l$ gt=[0K[?25h[?25l$ gt[0K[?25h[?25l$ g[0K[5G[?25h[4G[?25l$[0K[3G[?25h[?25l$ g[0K[?25ht[0K[?25l$ g[0K[?25hi[0Kt[0K[7G[?25l$ git s[0K[?25ht[0Ka[0K[?25lut[0K[11G[?25h[12G[?25l$ git stauts[0K[?25h[?25l
[0K[?25h[?25l
[0;32mWEUZE@LAPTOP-7EBLBEUS [0;35m [0;33m~/Documents/BIOINFORMATICS/mouse_gene_data_project[0m[0K
$[0K[3G[?25h[?25l$ git stauts[0K[?25h[?25l$ git staut[0K[?25h[?25l$ git stau[0K[?25h[?25l$ git sta[0K[?25ht[0Ku[0Ks[0K[?25l
[0K[?25hfatal: not a git repository (or any of the parent directories): .git[0K[?25l
[0K[?25h[?25l
[0;32mWEUZE@LAPTOP-7EBLBEUS [0;35m [0;33m~/Documents/BIOINFORMATICS/mouse_gene_data_project[0m[0K
$[0K[3G[?25h[?25l$ g[0K[?25hi[0Kt[0K[7G[?25l$ git i[0K[?25hn[0Ki[0Kt[0K[12G[?25l
[0K[?25hInitialized empty Git repository in C:/Users/WEUZE/Documents/BIOINFORMATICS/mouse_gene_data_project/.git/[0K[?25l
[0K[?25h[?25l
[0;32mWEUZE@LAPTOP-7EBLBEUS [0;35m [0;33m~/Documents/BIOINFORMATICS/mouse_gene_data_project[0;36m (master)[0m[0K
$[0K[1A[24G[?25h[?25l
[3G[?25h[?25l$ t[0K[?25ho[0Ku[0Kc[0Kh[0K[?25l$ touc[0K[?25h[?25l$ tou[0K[7G[?25h[6G[?25l$ to[0K[?25h[?25l$ t[0K[?25h[?25l$[0K[3G[?25h[?25l$ e[0K[?25hc[0Kh[0Ko[0K[8G[7G[8G[?25l$ echo .[0K[?25hR[0KD[0Ka[0Kt[0Ka[0K[15G[?25l$ echo .RData ,[0K[?25hR[0Kh[0Ki[0Ks[0Kt[0Ko[0Kr[0Ky[0K[25G[?25l$ echo .RData ,Rhistory >[0K[?25h>[0K[28G[27G[26G[25G[24G[23G[22G[21G[20G[19G[18G[17G[16G[?25l$ echo .RData Rhistory >>[0K[15G[?25h[?25l$ echo .RData .Rhistory >>[0K[16G[?25h[17G[18G[19G[20G[21G[22G[23G[24G[25G[26G[27G[28G[29G[?25l$ echo .RData .Rhistory >>  .[0K[?25hg[0Ki[0Kt[0K[?25li[0K[33G[?25h[34G[?25l$ echo .RData .Rhistory >>  .gitig[0K[?25hn[0Ko[0Kr[0K[?25le[0K[38G[?25h[39G[?25l
[0K[?25h[?25l
[0;32mWEUZE@LAPTOP-7EBLBEUS [0;35m [0m[0K[1A[?25h[?25l
[0;32mWEUZE@LAPTOP-7EBLBEUS [0;35m [0;33m~/Documents/BIOINFORMATICS/mouse_gene_data_project[0;36m (master)[0m[0K
$[0K[3G[?25h[?25l$ c[0K[?25ha[0Kt[0K[7G[?25l$ cat .[0K[?25hg[0Ki[0Kt[0Ki[0Kg[0Kn[0Ko[0Kr[0K[?25le[0K[16G[?25h[17G[?25l
[0K[?25h.RData .Rhistory[0K[?25l
[0K[?25h[?25l
[0;32mWEUZE@LAPTOP-7EBLBEUS [0;35m [0;33m~/Documents/BIOINFORMATICS/mouse_gene_data_project[0;36m (master)[0m[0K[23G[?25h[?25l
$[0K[3G[?25h[?25l$ g[0K[?25hi[0Kt[0K[7G[6G[?25l$ gi[0K[?25h[?25l$ g[0K[?25h[?25l$[0K[3G[?25h[?25l$ g[0K[?25hi[0Kt[0K[7G[?25l$ git s[0K[?25ht[0Ka[0Kt[0Ku[0Ks[0K[?25l
[0K[?25hOn branch master[0K[?25l
[0K
No commits yet[0K
[0K
Untracked files:[0K
  (use "git add <file>..." to include in what will be committed)[0K
[0K
        [0;31m.Rproj.user/[0m[0K
        [0;31m.gitignore[0m[0K
        [0;31mVenn_diagram_1.png[0m[0K
        [0;31mVenn_diagram_1.png.2019-09-25_13-36-20.log[0m[0K
        [0;31mVenn_diagram_1.png.2019-09-25_13-37-36.log[0m[0K
        [0;31mVenn_diagram_2.png[0m[0K
        [0;31mVenn_diagram_2.png.2019-09-25_13-36-22.log[0m[0K
        [0;31mVenn_diagram_2.png.2019-09-25_13-37-38.log[0m[0K
        [0;31mVenn_diagram_3.png[0m[0K
        [0;31mVenn_diagram_3.png.2019-09-25_13-36-26.log[0m[0K
        [0;31mVenn_diagram_3.png.2019-09-25_13-37-41.log[0m[0K
        [0;31massignment_pic.jpg[0m[0K
        [0;31mdata.txt[0m[0K
        [0;31mreport.Rmd[0m[0K
        [0;31mreport.html[0m[0K
        [0;31mreport.pdf[0m[0K
        [0;31mroya_bioinf_project_2.Rproj[0m[0K
        [0;31mscript_2.r[0m[0K
        [0;31mscript_3.r[0m[0K
[0K
nothing added to commit but untracked files present (use "git add" to track)[0K
[0K[?25h[?25l
[0;32mWEUZE@LAPTOP-7EBLBEUS [0;35m [0;33m~/Documents/BIOINFORMATICS/mouse_gene_data_project[0;36m (master)[0m[0K
$[0K[3G[?25h[?25l$ g[0K[?25hi[0Kg[0K[7G[?25l$ gig s[0K[?25h[?25l$ gig[0K[7G[?25h[6G[?25l$ gi[0K[?25ht[0K[7G[?25l$ git s[0K[?25ht[0Ka[0Kt[0Ku[0Ks[0K[?25l
[0K[?25hOn branch master[0K[?25l
[0K
No commits yet[0K
[0K
Untracked files:[0K
  (use "git add <file>..." to include in what will be committed)[0K
[0K
        [0;31m.Rproj.user/[0m[0K
        [0;31m.gitignore[0m[0K
        [0;31mVenn_diagram_1.png[0m[0K
        [0;31mVenn_diagram_2.png[0m[0K
        [0;31mVenn_diagram_3.png[0m[0K
        [0;31massignment_pic.jpg[0m[0K
        [0;31mdata.txt[0m[0K
        [0;31mmouse_genes_data_analysis.gitignore[0m[0K
        [0;31mreport.Rmd[0m[0K
        [0;31mreport.html[0m[0K
        [0;31mreport.pdf[0m[0K
        [0;31mroya_bioinf_project_2.Rproj[0m[0K
        [0;31mscript_2.r[0m[0K[?25h[?25l
        [0;31mscript_3.r[0m[0K
[0K
nothing added to commit but untracked files present (use "git add" to track)[0K
[0K[?25h[?25l
[0;32mWEUZE@LAPTOP-7EBLBEUS [0;35m [0;33m~/Documents/BIOINFORMATICS/mouse_gene_data_project[0;36m (master)[0m[0K
$[0K[3G[?25h[?25l$ .[0K[?25h[?25l$[0K[4G[?25h[3G[?25l$ T[0K[?25hO[0KU[0KC[0KH[0K[9G[8G[?25l$ TOUC[0K[?25h[?25l$ TOU[0K[7G[?25h[6G[?25l$ TO[0K[?25h[?25l$ T[0K[?25h[?25l$[0K[3G[?25h[?25l$ t[0K[3G[?25h[4G[?25l$ to[0K[?25hu[0Kc[0Kh[0K[9G[?25l$ touch R[0K[?25hE[0KM[0K[?25l$ touch RE[0K[12G[?25h[11G[?25l$ touch REA[0K[?25hM[0KE[0K[?25l$ touch REAM[0K[?25h[?25l$ touch REA[0K[?25hD[0KM[0KE[0K.[0K[?25l$ touch README[0K[?25h[?25l$ touch READM[0K[?25h[?25l$ touch READ[0K[?25h[?25l$ touch REA[0K[?25h[?25l$ touch RE[0K[?25h[?25l$ touch R[0K[?25h[?25l$ touch[0K[10G[?25h[9G[?25l$ touch R[0K[?25hE[0KA[0KD[0KE[0K[?25l$ touch READ[0K[?25hM[0KE[0K.[0KM[0KE[0K[?25l$ touch README.M[0K[?25hD[0K[?25l
[0K[?25h[?25l
[0;32mWEUZE@LAPTOP-7EBLBEUS [0;35m [0;33m~/Documents/BIOINFORMATICS/mouse_gene_data_project[0;36m (master)[0m[0K
$[0K[3G[?25h[?25l$ G[0K[?25hI[0KT[0K[7G[?25l$ GIT A[0K[?25hD[0K[?25l$ GIT A[0K[?25h[?25l$ GIT[0K[7G[?25h[6G[?25l$ GI[0K[?25h[?25l$ G[0K[?25h[?25l$[0K[3G[?25h[?25l$ g[0K[?25hi[0Kt[0K[7G[?25l$ git a[0K[?25hd[0Kd[0K[11G[?25l$ git add .[0K[?25h[?25l
[0K[?25hwarning: LF will be replaced by CRLF in .Rproj.user/800CC9D3/pcs/files-pane.pper.[0K[?25l
The file will have its original line endings in your working directory[0K
[0K[?25hwarning: LF will be replaced by CRLF in .Rproj.user/800CC9D3/pcs/source-pane.pper.[0K[?25l
The file will have its original line endings in your working directory[0K
[0K[?25hwarning: LF will be replaced by CRLF in .Rproj.user/800CC9D3/pcs/windowlayoutstate.pper.[0K[?25l
The file will have its original line endings in your working directory[0K
warning: LF will be replaced by CRLF in .Rproj.user/800CC9D3/pcs/workbench-pane.pper.[0K
The file will have its original line endings in your working directory[0K
[0K[?25hwarning: LF will be replaced by CRLF in .Rproj.user/800CC9D3/rmd-outputs.[0K[?25l
The file will have its original line endings in your working directory[0K
[0K[?25hwarning: LF will be replaced by CRLF in .Rproj.user/800CC9D3/sources/prop/3596840A.[0K[?25l
The file will have its original line endings in your working directory[0K
[0K[?25hwarning: LF will be replaced by CRLF in .Rproj.user/800CC9D3/sources/prop/46526B4F.[0K[?25l
The file will have its original line endings in your working directory[0K
warning: LF will be replaced by CRLF in .Rproj.user/800CC9D3/sources/prop/9D774389.[0K
The file will have its original line endings in your working directory[0K
[0K[?25hwarning: LF will be replaced by CRLF in .Rproj.user/800CC9D3/sources/prop/AADBEBD8.[0K[?25l
The file will have its original line endings in your working directory[0K
[0K[?25hwarning: LF will be replaced by CRLF in .Rproj.user/800CC9D3/sources/prop/B90E2AC2.[0K[?25l
The file will have its original line endings in your working directory[0K
[0K[?25hwarning: LF will be replaced by CRLF in .Rproj.user/800CC9D3/sources/prop/C34259A6.[0K[?25l
The file will have its original line endings in your working directory[0K
[0K[?25hwarning: LF will be replaced by CRLF in .Rproj.user/800CC9D3/sources/prop/EB9C7D6C.[0K[?25l
The file will have its original line endings in your working directory[0K
[0K[?25hwarning: LF will be replaced by CRLF in .Rproj.user/800CC9D3/sources/prop/F9421DF7.[0K[?25l
The file will have its original line endings in your working directory[0K
[0K[?25h[?25lwarning: LF will be replaced by CRLF in .Rproj.user/800CC9D3/sources/prop/INDEX.[0K[1G[?25h[?25l
The file will have its original line endings in your working directory[0K
warning: LF will be replaced by CRLF in .Rproj.user/800CC9D3/sources/s-6DFF452/36385E8B-contents.[0K[2G[?25h[?25l
The file will have its original line endings in your working directory[0K
[0K[?25hwarning: LF will be replaced by CRLF in .Rproj.user/800CC9D3/sources/s-6DFF452/428F2ABE.[0K[?25l
The file will have its original line endings in your working directory[0K
[0K[?25hwarning: LF will be replaced by CRLF in .Rproj.user/800CC9D3/sources/s-6DFF452/462906F0.[0K[?25l
The file will have its original line endings in your working directory[0K
[0K[?25hwarning: LF will be replaced by CRLF in .Rproj.user/800CC9D3/sources/s-6DFF452/462906F0-contents.[0K[?25l
The file will have its original line endings in your working directory[0K
[0K[?25hwarning: LF will be replaced by CRLF in .Rproj.user/800CC9D3/sources/s-6DFF452/4EEA629.[0K[?25l
The file will have its original line endings in your working directory[0K
[0K[?25hwarning: LF will be replaced by CRLF in .Rproj.user/800CC9D3/sources/s-6DFF452/5DFB2ED5.[0K[?25l
The file will have its original line endings in your working directory[0K
[0K[?25hwarning: LF will be replaced by CRLF in .Rproj.user/800CC9D3/sources/s-6DFF452/5DFB2ED5-contents.[0K[?25l
The file will have its original line endings in your working directory[0K
[0K[?25hwarning: LF will be replaced by CRLF in .Rproj.user/800CC9D3/sources/s-6DFF452/670E261E.[0K[?25l
The file will have its original line endings in your working directory[0K
warning: LF will be replaced by CRLF in .Rproj.user/800CC9D3/sources/s-6DFF452/69B82FD3.[0K
The file will have its original line endings in your working directory[0K
[0K[?25hwarning: LF will be replaced by CRLF in .Rproj.user/800CC9D3/sources/s-6DFF452/69B82FD3-contents.[0K[?25l
The file will have its original line endings in your working directory[0K
[0K[?25h[?25lwarning: LF will be replaced by CRLF in .Rproj.user/800CC9D3/sources/s-6DFF452/9DCACA1.[0K[1G[?25h[?25l
The file will have its original line endings in your working directory[0K
[0K[?25hwarning: LF will be replaced by CRLF in .Rproj.user/800CC9D3/sources/s-6DFF452/C9B25575.[0K[?25l
The file will have its original line endings in your working directory[0K
[0K[?25hwarning: LF will be replaced by CRLF in .Rproj.user/800CC9D3/sources/s-6DFF452/C9D7A4A1.[0K[?25l
The file will have its original line endings in your working directory[0K
[0K[?25hwarning: LF will be replaced by CRLF in .Rproj.user/800CC9D3/sources/s-6DFF452/C9D7A4A1-contents.[0K[?25l
The file will have its original line endings in your working directory[0K
warning: LF will be replaced by CRLF in .Rproj.user/800CC9D3/sources/s-6DFF452/EB92F549.[0K[1G[?25h[?25l
The file will have its original line endings in your working directory[0K
[0K[?25hwarning: LF will be replaced by CRLF in .Rproj.user/800CC9D3/sources/s-6DFF452/EB92F549-contents.[0K[?25l
The file will have its original line endings in your working directory[0K
[0K[?25hwarning: LF will be replaced by CRLF in .Rproj.user/shared/notebooks/9D82FC10-report/1/s/cbt16clzov2av/000004.csv.[0K[?25l
The file will have its original line endings in your working directory[0K
[0K[?25hwarning: LF will be replaced by CRLF in .Rproj.user/shared/notebooks/9D82FC10-report/1/s/csetup_chunk/000002.csv.[0K[?25l
The file will have its original line endings in your working directory[0K
[0K[?25h[?25lwarning: LF will be replaced by CRLF in .Rproj.user/shared/notebooks/9D82FC10-report/1/s/cyfc02yzy05o4/000002.csv.[0K[1G[?25h[?25l
The file will have its original line endings in your working directory[0K
[0K[?25hwarning: LF will be replaced by CRLF in .Rproj.user/shared/notebooks/paths.[0K[?25l
The file will have its original line endings in your working directory[0K
[0K[?25h[?25lwarning: LF will be replaced by CRLF in data.txt.[0K[1G[?25h[?25l
The file will have its original line endings in your working directory[0K
[0K[?25h[?25l
[0;32mWEUZE@LAPTOP-7EBLBEUS [0;35m [0;33m~/Documents/BIOINFORMATICS/mouse_gene_data_project[0;36m (master)[0m[0K
$[0K[3G[?25h[?25l$ g[0K[?25hi[0Kt[0K[7G[?25l$ git a[0K[?25h[?25l$ git[0K[8G[?25h[7G[6G[7G[?25l$ git c[0K[?25ho[0Km[0Km[0K[?25li[0K[11G[?25h[12G[?25l$ git commit[0K[14G[?25h[?25l$ git commit -[0K[?25hm[0Km[0K=[0K[19G[?25l$ git commit -mm= "[0K[?25h"[0K=[0K=[0K=[0K=[0K[?25l$ git commit -mm= ""===[0K[?25h[?25l$ git commit -mm= ""==[0K[24G[?25h[23G[?25l$ git commit -mm= ""=[0K[23G[?25h[22G[?25l$ git commit -mm= ""[0K[?25h[?25l$ git commit -mm= "[0K[?25h[?25l$ git commit -mm=[0K[19G[?25h[18G[?25l$ git commit -mm[0K[?25h[18G[17G[?25l$ git commit -m[0K[?25h[17G[?25l$ git commit -m "[0K[?25h"[0K[18G[?25l$ git commit -m "I"[0K[19G[?25h[?25l$ git commit -m "In"[0K[20G[?25h[?25l$ git commit -m "Ini"[0K[21G[?25h[?25l$ git commit -m "Init"[0K[22G[?25h[?25l$ git commit -m "Initi"[0K[23G[?25h[?25l$ git commit -m "Initia"[0K[24G[?25h[?25l$ git commit -m "Initian"[0K[24G[?25h[25G[?25l$ git commit -m "Initianl"[0K[26G[?25h[?25l$ git commit -m "Initianl "[0K[27G[?25h[?25l$ git commit -m "Initianl c"[0K[28G[?25h[?25l$ git commit -m "Initianl "[0K[27G[?25h[?25l$ git commit -m "Initianl"[0K[26G[?25h[?25l$ git commit -m "Initian"[0K[25G[?25h[?25l$ git commit -m "Initia"[0K[24G[?25h[?25l$ git commit -m "Initial"[0K[25G[?25h[?25l$ git commit -m "Initial "[0K[26G[?25h[?25l$ git commit -m "Initial"[0K[25G[?25h[?25l$ git commit -m "Initia"[0K[24G[?25h[?25l$ git commit -m "Initi"[0K[?25h[23G[?25l$ git commit -m "Init"[0K[22G[?25h[?25l$ git commit -m "Ini"[0K[?25h[21G[?25l$ git commit -m "In"[0K[20G[?25h[?25l$ git commit -m "I"[0K[19G[?25h[?25l$ git commit -m ""[0K[?25h[18G[?25l$ git commit -m "g"[0K[19G[?25h[?25l$ git commit -m "ge"[0K[20G[?25h[?25l$ git commit -m "gen"[0K[21G[?25h[?25l$ git commit -m "gene"[0K[22G[?25h[?25l$ git commit -m "gene "[0K[23G[?25h[?25l$ git commit -m "gene m"[0K[24G[?25h[?25l$ git commit -m "gene mo"[0K[24G[?25h[25G[?25l$ git commit -m "gene mou"[0K[26G[?25h[?25l$ git commit -m "gene mous"[0K[27G[?25h[?25l$ git commit -m "gene mous "[0K[28G[?25h[?25l$ git commit -m "gene mous s"[0K[29G[?25h[?25l$ git commit -m "gene mous "[0K[28G[?25h[?25l$ git commit -m "gene mous"[0K[27G[?25h[?25l$ git commit -m "gene mouse"[0K[28G[?25h[?25l$ git commit -m "gene mouse "[0K[29G[?25h[?25l$ git commit -m "gene mouse"[0K[28G[?25h[?25l$ git commit -m "gene mous"[0K[27G[?25h[?25l$ git commit -m "gene mou"[0K[26G[?25h[?25l$ git commit -m "gene mo"[0K[25G[?25h[?25l$ git commit -m "gene m"[0K[24G[?25h[?25l$ git commit -m "gene "[0K[23G[?25h[?25l$ git commit -m "gene"[0K[22G[?25h[?25l$ git commit -m "gen"[0K[21G[?25h[?25l$ git commit -m "ge"[0K[20G[?25h[?25l$ git commit -m "g"[0K[?25h[19G[?25l$ git commit -m ""[0K[18G[?25h[?25l$ git commit -m "a"[0K[19G[?25h[?25l$ git commit -m "an"[0K[20G[?25h[?25l$ git commit -m "ana"[0K[21G[?25h[?25l$ git commit -m "anal"[0K[22G[?25h[?25l$ git commit -m "analu"[0K[23G[?25h[?25l$ git commit -m "analus"[0K[24G[?25h[?25l$ git commit -m "analuse"[0K[25G[?25h[?25l$ git commit -m "analuse "[0K[26G[?25h[?25l$ git commit -m "analuse"[0K[?25h[25G[?25l$ git commit -m "analus"[0K[24G[?25h[?25l$ git commit -m "analu"[0K[23G[?25h[?25l$ git commit -m "anal"[0K[22G[?25h[?25l$ git commit -m "analy"[0K[23G[?25h[?25l$ git commit -m "analys"[0K[24G[?25h[?25l$ git commit -m "analyse"[0K[25G[?25h[?25l$ git commit -m "analyse "[0K[26G[?25h[?25l$ git commit -m "analyse o"[0K[27G[?25h[?25l$ git commit -m "analyse of"[0K[28G[?25h[?25l$ git commit -m "analyse of "[0K[29G[?25h[?25l$ git commit -m "analyse of g"[0K[30G[?25h[?25l$ git commit -m "analyse of ge"[0K[31G[?25h[?25l$ git commit -m "analyse of gen"[0K[32G[?25h[?25l$ git commit -m "analyse of gene"[0K[33G[?25h[?25l$ git commit -m "analyse of genes"[0K[34G[?25h[?25l$ git commit -m "analyse of genes "[0K[35G[?25h[?25l$ git commit -m "analyse of genes"[0K[34G[?25h[?25l$ git commit -m "analyse of gene"[0K[33G[?25h[?25l$ git commit -m "analyse of gen"[0K[32G[?25h[?25l$ git commit -m "analyse of ge"[0K[31G[?25h[?25l$ git commit -m "analyse of g"[0K[30G[?25h[?25l$ git commit -m "analyse of "[0K[29G[?25h[?25l$ git commit -m "analyse of"[0K[28G[?25h[?25l$ git commit -m "analyse of "[0K[29G[?25h[?25l$ git commit -m "analyse of m"[0K[30G[?25h[?25l$ git commit -m "analyse of mo"[0K[31G[?25h[?25l$ git commit -m "analyse of mou"[0K[32G[?25h[?25l$ git commit -m "analyse of mous"[0K[33G[?25h[?25l$ git commit -m "analyse of mouse"[0K[34G[?25h[?25l$ git commit -m "analyse of mouse "[0K[35G[?25h[?25l$ git commit -m "analyse of mouse e"[0K[36G[?25h[?25l$ git commit -m "analyse of mouse en"[0K[37G[?25h[?25l$ git commit -m "analyse of mouse ene"[0K[38G[?25h[?25l$ git commit -m "analyse of mouse enes"[0K[39G[?25h[?25l$ git commit -m "analyse of mouse ene"[0K[38G[?25h[?25l$ git commit -m "analyse of mouse en"[0K[37G[?25h[?25l$ git commit -m "analyse of mouse e"[0K[?25h[36G[?25l$ git commit -m "analyse of mouse "[0K[35G[?25h[?25l$ git commit -m "analyse of mouse g"[0K[36G[?25h[?25l$ git commit -m "analyse of mouse ge"[0K[37G[?25h[?25l$ git commit -m "analyse of mouse gen"[0K[38G[?25h[?25l$ git commit -m "analyse of mouse gene"[0K[39G[?25h[?25l$ git commit -m "analyse of mouse genes"[0K[40G[?25h[?25l$ git commit -m "analyse of mouse genes "[0K[?25h[41G[?25l$ git commit -m "analyse of mouse genes d"[0K[42G[?25h[?25l$ git commit -m "analyse of mouse genes da"[0K[43G[?25h[?25l$ git commit -m "analyse of mouse genes dat"[0K[44G[?25h[?25l$ git commit -m "analyse of mouse genes data"[0K[45G[?25h[?25l$ git commit -m "analyse of mouse genes data "[0K[46G[?25h[?25l$ git commit -m "analyse of mouse genes data d"[0K[47G[?25h[?25l$ git commit -m "analyse of mouse genes data df"[0K[48G[?25h[?25l$ git commit -m "analyse of mouse genes data d"[0K[47G[?25h[?25l$ git commit -m "analyse of mouse genes data df"[0K[48G[?25h[?25l$ git commit -m "analyse of mouse genes data dfi"[0K[49G[?25h[?25l$ git commit -m "analyse of mouse genes data df"[0K[48G[?25h[?25l$ git commit -m "analyse of mouse genes data d"[0K[47G[?25h[?25l$ git commit -m "analyse of mouse genes data "[0K[46G[?25h[?25l$ git commit -m "analyse of mouse genes data f"[0K[47G[?25h[?25l$ git commit -m "analyse of mouse genes data fi"[0K[48G[?25h[?25l$ git commit -m "analyse of mouse genes data fin"[0K[49G[?25h[?25l$ git commit -m "analyse of mouse genes data fini"[0K[50G[?25h[?25l$ git commit -m "analyse of mouse genes data finih"[0K[51G[?25h[?25l$ git commit -m "analyse of mouse genes data finihs"[0K[52G[?25h[?25l$ git commit -m "analyse of mouse genes data finihsi"[0K[53G[?25h[?25l$ git commit -m "analyse of mouse genes data finihsie"[0K[54G[?25h[?25l$ git commit -m "analyse of mouse genes data finihsi"[0K[53G[?25h[?25l$ git commit -m "analyse of mouse genes data finihs"[0K[?25h[52G[?25l$ git commit -m "analyse of mouse genes data finih"[0K[51G[?25h[?25l$ git commit -m "analyse of mouse genes data finihe"[0K[51G[?25h[52G[?25l$ git commit -m "analyse of mouse genes data finihed"[0K[52G[?25h[53G[?25l$ git commit -m "analyse of mouse genes data finihe"[0K[52G[?25h[?25l$ git commit -m "analyse of mouse genes data finih"[0K[?25h[51G[?25l$ git commit -m "analyse of mouse genes data fini"[0K[50G[?25h[?25l$ git commit -m "analyse of mouse genes data finis"[0K[51G[?25h[?25l$ git commit -m "analyse of mouse genes data finish"[0K[52G[?25h[?25l$ git commit -m "analyse of mouse genes data finishe"[0K[53G[?25h[?25l$ git commit -m "analyse of mouse genes data finished"[0K[54G[?25h[55G[?25l
[0K[?25h[master (root-commit) d8b56e8] analyse of mouse genes data finished[0K[?25l
 73 files changed, 27818 insertions(+)[0K
 create mode 100644 .Rproj.user/800CC9D3/console06/4A39661E[0K
 create mode 100644 .Rproj.user/800CC9D3/console06/INDEX001[0K
 create mode 100644 .Rproj.user/800CC9D3/pcs/files-pane.pper[0K
 create mode 100644 .Rproj.user/800CC9D3/pcs/source-pane.pper[0K
 create mode 100644 .Rproj.user/800CC9D3/pcs/windowlayoutstate.pper[0K
 create mode 100644 .Rproj.user/800CC9D3/pcs/workbench-pane.pper[0K
 create mode 100644 .Rproj.user/800CC9D3/rmd-outputs[0K
 create mode 100644 .Rproj.user/800CC9D3/saved_source_markers[0K
 create mode 100644 .Rproj.user/800CC9D3/sources/prop/3596840A[0K
 create mode 100644 .Rproj.user/800CC9D3/sources/prop/46526B4F[0K
 create mode 100644 .Rproj.user/800CC9D3/sources/prop/9D774389[0K
 create mode 100644 .Rproj.user/800CC9D3/sources/prop/AADBEBD8[0K
 create mode 100644 .Rproj.user/800CC9D3/sources/prop/B90E2AC2[0K
 create mode 100644 .Rproj.user/800CC9D3/sources/prop/C34259A6[0K
 create mode 100644 .Rproj.user/800CC9D3/sources/prop/EB9C7D6C[0K
 create mode 100644 .Rproj.user/800CC9D3/sources/prop/F9421DF7[0K
 create mode 100644 .Rproj.user/800CC9D3/sources/prop/INDEX[0K
 create mode 100644 .Rproj.user/800CC9D3/sources/s-6DFF452/36385E8B-contents[0K
 create mode 100644 .Rproj.user/800CC9D3/sources/s-6DFF452/428F2ABE[0K
 create mode 100644 .Rproj.user/800CC9D3/sources/s-6DFF452/428F2ABE-contents[0K
 create mode 100644 .Rproj.user/800CC9D3/sources/s-6DFF452/45F4724B-contents[0K
 create mode 100644 .Rproj.user/800CC9D3/sources/s-6DFF452/462906F0[0K
 create mode 100644 .Rproj.user/800CC9D3/sources/s-6DFF452/462906F0-contents[0K
 create mode 100644 .Rproj.user/800CC9D3/sources/s-6DFF452/4EEA629[0K
 create mode 100644 .Rproj.user/800CC9D3/sources/s-6DFF452/4EEA629-contents[0K
 create mode 100644 .Rproj.user/800CC9D3/sources/s-6DFF452/5DFB2ED5[0K
 create mode 100644 .Rproj.user/800CC9D3/sources/s-6DFF452/5DFB2ED5-contents[0K
 create mode 100644 .Rproj.user/800CC9D3/sources/s-6DFF452/670E261E[0K
 create mode 100644 .Rproj.user/800CC9D3/sources/s-6DFF452/670E261E-contents[0K
 create mode 100644 .Rproj.user/800CC9D3/sources/s-6DFF452/69B82FD3[0K
 create mode 100644 .Rproj.user/800CC9D3/sources/s-6DFF452/69B82FD3-contents[0K
 create mode 100644 .Rproj.user/800CC9D3/sources/s-6DFF452/78F8D9CC[0K
 create mode 100644 .Rproj.user/800CC9D3/sources/s-6DFF452/78F8D9CC-contents[0K
 create mode 100644 .Rproj.user/800CC9D3/sources/s-6DFF452/8D4D0770-contents[0K
 create mode 100644 .Rproj.user/800CC9D3/sources/s-6DFF452/9DCACA1[0K
 create mode 100644 .Rproj.user/800CC9D3/sources/s-6DFF452/9DCACA1-contents[0K
 create mode 100644 .Rproj.user/800CC9D3/sources/s-6DFF452/C52E221C-contents[0K
 create mode 100644 .Rproj.user/800CC9D3/sources/s-6DFF452/C9B25575[0K
 create mode 100644 .Rproj.user/800CC9D3/sources/s-6DFF452/C9B25575-contents[0K
 create mode 100644 .Rproj.user/800CC9D3/sources/s-6DFF452/C9D7A4A1[0K
 create mode 100644 .Rproj.user/800CC9D3/sources/s-6DFF452/C9D7A4A1-contents[0K
 create mode 100644 .Rproj.user/800CC9D3/sources/s-6DFF452/EB92F549[0K
 create mode 100644 .Rproj.user/800CC9D3/sources/s-6DFF452/EB92F549-contents[0K
 create mode 100644 .Rproj.user/800CC9D3/sources/s-6DFF452/lock_file[0K
 create mode 100644 .Rproj.user/800CC9D3/unsaved-notebooks/69B82FD3/1/chunks.json[0K
 create mode 100644 .Rproj.user/800CC9D3/viewer-cache/9F4B5A0B.Rdata[0K
 create mode 100644 .Rproj.user/shared/notebooks/9D82FC10-report/1/800CC9D31F4C694E/chunks.json[0K
 create mode 100644 .Rproj.user/shared/notebooks/9D82FC10-report/1/800CC9D32AB37258/chunks.json[0K
 create mode 100644 .Rproj.user/shared/notebooks/9D82FC10-report/1/800CC9D3403918AF/chunks.json[0K
 create mode 100644 .Rproj.user/shared/notebooks/9D82FC10-report/1/800CC9D384AE99F4/chunks.json[0K
 create mode 100644 .Rproj.user/shared/notebooks/9D82FC10-report/1/800CC9D3988634E1/chunks.json[0K
 create mode 100644 .Rproj.user/shared/notebooks/9D82FC10-report/1/800CC9D3E713ED16/chunks.json[0K
 create mode 100644 .Rproj.user/shared/notebooks/9D82FC10-report/1/s/cbt16clzov2av/000004.csv[0K
 create mode 100644 .Rproj.user/shared/notebooks/9D82FC10-report/1/s/chunks.json[0K
 create mode 100644 .Rproj.user/shared/notebooks/9D82FC10-report/1/s/csetup_chunk/000002.csv[0K
 create mode 100644 .Rproj.user/shared/notebooks/9D82FC10-report/1/s/cyfc02yzy05o4/000002.csv[0K
 create mode 100644 .Rproj.user/shared/notebooks/D9A29F24-report/1/800CC9D36DFF452/chunks.json[0K
 create mode 100644 .Rproj.user/shared/notebooks/D9A29F24-report/1/s/chunks.json[0K
 create mode 100644 .Rproj.user/shared/notebooks/patch-chunk-names[0K
 create mode 100644 .Rproj.user/shared/notebooks/paths[0K
 create mode 100644 .gitignore[0K
 create mode 100644 README.MD[0K
 create mode 100644 Venn_diagram_1.png[0K
 create mode 100644 Venn_diagram_2.png[0K
 create mode 100644 Venn_diagram_3.png[0K
 create mode 100644 assignment_pic.jpg[0K
 create mode 100644 data.txt[0K
 create mode 100644 report.Rmd[0K
 create mode 100644 report.html[0K
 create mode 100644 report.pdf[0K
 create mode 100644 roya_bioinf_project_2.Rproj[0K
 create mode 100644 script_2.r[0K
 create mode 100644 script_3.r[0K
[0K[?25h[?25l
[0;32mWEUZE@LAPTOP-7EBLBEUS [0;35m [0;33m~/Documents/BIOINFORMATICS/mouse_gene_data_project[0;36m (master)[0m[0K
$[0K[3G[?25h[?25l$ git remote add origin https://github.com/weuze/mouseg_gene_data_analysis.git[0K
[0K[?25h[?25l
[0;32mWEUZE@LAPTOP-7EBLBEUS [0;35m [0;33m~/Documents/BIOINFORMATICS/mouse_gene_data_project[0;36m (master)[0m[0K
$[0K[3G[?25h[?25l$ g[0K[?25ht[0K[?25l$ g[0K[?25hi[0K[?25lt[0K[5G[?25h[6G[7G[?25l$ git p[0K[?25hu[0K[?25ls[0K[9G[?25h[10G[?25l$ git push[0K[?25h[12G[?25l$ git push -[0K[?25hu[0K[15G[?25l$ git push -u o[0K[?25hr[0Kg[0Ki[0Kn[0K[?25l$ git push -u orgi[0K[?25h[?25l$ git push -u org[0K[?25h[?25l$ git push -u or[0K[18G[?25h[17G[?25l$ git push -u ori[0K[?25hg[0Ki[0Kn[0K[22G[?25l$ git push -u origin m[0K[?25hm[0Ka[0K[?25l$ git push -u origin mm[0K[?25h[?25l$ git push -u origin m[0K[?25hs[0Kt[0Ke[0K[?25l$ git push -u origin mst[0K[?25h[?25l$ git push -u origin ms[0K[?25h[?25l$ git push -u origin m[0K[?25ha[0Ks[0Kt[0Ke[0Kr[0K[?25l
[0K[?25hEnumerating objects: 85, done.[0K[?25l
Counting objects:  14% (12/85)[0K[2G[?25h[?25lCounting objects:  34% (29/85)[0K[1G[?25h[?25lCounting objects:  44% (38/85)[0K[1G[?25h[?25lCounting objects:  55% (47/85)[0K[1G[?25h[?25lCounting objects:  69% (59/85)[0K[1G[?25h[?25lCounting objects:  85% (73/85)[0K[1G[?25h[?25lCounting objects:  98% (84/85)[0K[1G[?25hCounting objects: 100% (85/85), done.[0K[?25l
Delta compression using up to 4 threads[0K
Compressing objects:  22% (14/62)[0K[1G[?25h[?25lCompressing objects:  45% (28/62)[0K[1G[?25h[?25lCompressing objects:  69% (43/62)[0K[1G[?25h[?25lCompressing objects:  91% (57/62)[0K[1G[?25h[?25lCompressing objects:  95% (59/62)[0K[1G[?25hCompressing objects: 100% (62/62), done.[0K[?25l
Writing objects:   9% (8/85)[0K[1G[?25h[?25lWriting objects:  24% (21/85)[0K[1G[?25h[?25lWriting objects:  40% (34/85)[0K[1G[?25h[?25lWriting objects:  50% (43/85)[0K[1G[?25h[?25lWriting objects:  56% (48/85)[0K[1G[?25h[?25lWriting objects:  56% (48/85), 984.00 KiB | 10.00 KiB/s[0K[1G[?25h[?25lWriting objects:  56% (48/85), 1.12 MiB | 11.00 KiB/s[0K[1G[?25h[?25lWriting objects:  56% (48/85), 1.14 MiB | 11.00 KiB/s[0K[1G[?25h[?25lWriting objects:  56% (48/85), 1.16 MiB | 11.00 KiB/s[0K[1G[?25h[?25lWriting objects:  56% (48/85), 1.17 MiB | 11.00 KiB/s[0K[1G[?25h[?25lWriting objects:  56% (48/85), 1.19 MiB | 11.00 KiB/s[0K[1G[?25h[?25lWriting objects:  56% (48/85), 1.20 MiB | 11.00 KiB/s[0K[1G[?25h[?25lWriting objects:  56% (48/85), 1.22 MiB | 11.00 KiB/s[0K[1G[?25h[?25lWriting objects:  56% (48/85), 1.23 MiB | 11.00 KiB/s[0K[2G[?25h[1G[?25lWriting objects:  56% (48/85), 1.25 MiB | 27.00 KiB/s[0K[1G[?25h[?25lWriting objects:  56% (48/85), 1.77 MiB | 62.00 KiB/s[0K[1G[?25h[?25lWriting objects:  56% (48/85), 1.78 MiB | 62.00 KiB/s[0K[1G[?25h[?25lWriting objects:  56% (48/85), 1.80 MiB | 62.00 KiB/s[0K[1G[?25h[?25lWriting objects:  56% (48/85), 1.81 MiB | 65.00 KiB/s[0K[1G[?25h[?25lWriting objects:  56% (48/85), 1.83 MiB | 64.00 KiB/s[0K[1G[?25h[?25lWriting objects:  56% (48/85), 1.84 MiB | 65.00 KiB/s[0K[1G[?25h[?25lWriting objects:  56% (48/85), 1.86 MiB | 64.00 KiB/s[0K[1G[?25h[?25lWriting objects:  56% (48/85), 1.88 MiB | 64.00 KiB/s[0K[1G[?25h[?25lWriting objects:  56% (48/85), 1.89 MiB | 66.00 KiB/s[0K[1G[?25h[?25lWriting objects:  56% (48/85), 1.91 MiB | 14.00 KiB/s[0K[1G[?25h[?25lWriting objects:  56% (48/85), 1.92 MiB | 14.00 KiB/s[0K[1G[?25h[?25lWriting objects:  56% (48/85), 1.94 MiB | 14.00 KiB/s[0K[1G[?25h[?25lWriting objects:  56% (48/85), 1.95 MiB | 14.00 KiB/s[0K[1G[?25h[?25lWriting objects:  56% (48/85), 1.98 MiB | 15.00 KiB/s[0K[1G[?25h[?25lWriting objects:  56% (48/85), 2.00 MiB | 15.00 KiB/s[0K[1G[?25h[?25lWriting objects:  56% (48/85), 2.02 MiB | 15.00 KiB/s[0K[1G[?25h[?25lWriting objects:  56% (48/85), 2.03 MiB | 15.00 KiB/s[0K[1G[?25h[?25lWriting objects:  56% (48/85), 2.05 MiB | 15.00 KiB/s[0K[1G[?25h[?25lWriting objects:  56% (48/85), 2.06 MiB | 15.00 KiB/s[0K[1G[?25h[?25lWriting objects:  56% (48/85), 2.08 MiB | 15.00 KiB/s[0K[1G[?25h[?25lWriting objects:  56% (48/85), 2.09 MiB | 15.00 KiB/s[0K[1G[?25h[?25lWriting objects:  56% (48/85), 2.11 MiB | 14.00 KiB/s[0K[1G[?25h[?25lWriting objects:  56% (48/85), 2.13 MiB | 14.00 KiB/s[0K[1G[?25h[?25lWriting objects:  56% (48/85), 2.14 MiB | 14.00 KiB/s[0K[1G[?25h[?25lWriting objects:  56% (48/85), 2.16 MiB | 13.00 KiB/s[0K[1G[?25h[?25lWriting objects:  56% (48/85), 2.17 MiB | 13.00 KiB/s[0K[1G[?25h[?25lWriting objects:  56% (48/85), 2.19 MiB | 12.00 KiB/s[0K[1G[?25h[?25lWriting objects:  56% (48/85), 2.20 MiB | 12.00 KiB/s[0K[1G[?25h[?25lWriting objects:  56% (48/85), 2.22 MiB | 12.00 KiB/s[0K[1G[?25h[?25lWriting objects:  56% (48/85), 2.23 MiB | 12.00 KiB/s[0K[1G[?25h[?25lWriting objects:  56% (48/85), 2.25 MiB | 12.00 KiB/s[0K[1G[?25h[?25lWriting objects:  56% (48/85), 2.27 MiB | 12.00 KiB/s[0K[1G[?25h[?25lWriting objects:  56% (48/85), 2.28 MiB | 12.00 KiB/s[0K[1G[?25h[?25lWriting objects:  56% (48/85), 2.30 MiB | 12.00 KiB/s[0K[1G[?25h[?25lWriting objects:  56% (48/85), 2.31 MiB | 12.00 KiB/s[0K[1G[?25h[?25lWriting objects:  56% (48/85), 2.34 MiB | 15.00 KiB/s[0K[1G[?25h[?25lWriting objects:  56% (48/85), 2.36 MiB | 15.00 KiB/s[0K[1G[?25h[?25lWriting objects:  56% (48/85), 2.38 MiB | 15.00 KiB/s[0K[1G[?25h[?25lWriting objects:  56% (48/85), 2.39 MiB | 15.00 KiB/s[0K[1G[?25h[?25lWriting objects:  56% (48/85), 2.41 MiB | 15.00 KiB/s[0K[1G[?25h[?25lWriting objects:  56% (48/85), 2.42 MiB | 15.00 KiB/s[0K[1G[?25h[?25lWriting objects:  56% (48/85), 2.44 MiB | 15.00 KiB/s[0K[1G[?25h[?25lWriting objects:  56% (48/85), 2.45 MiB | 14.00 KiB/s[0K[1G[?25h[?25lWriting objects:  56% (48/85), 2.48 MiB | 14.00 KiB/s[0K[1G[?25h[?25lWriting objects:  56% (48/85), 2.50 MiB | 14.00 KiB/s[0K[1G[?25h[?25lWriting objects:  56% (48/85), 2.52 MiB | 13.00 KiB/s[0K[1G[?25h[?25lWriting objects:  56% (48/85), 2.55 MiB | 13.00 KiB/s[0K[1G[?25h[?25lWriting objects:  56% (48/85), 2.58 MiB | 13.00 KiB/s[0K[1G[?25h[?25lWriting objects:  56% (48/85), 2.59 MiB | 13.00 KiB/s[0K[1G[?25h[?25lWriting objects:  56% (48/85), 2.61 MiB | 14.00 KiB/s[0K[1G[?25h[?25lWriting objects:  56% (48/85), 2.63 MiB | 13.00 KiB/s[0K[1G[?25h[?25lWriting objects:  56% (48/85), 2.64 MiB | 14.00 KiB/s[0K[1G[?25h[?25lWriting objects:  56% (48/85), 2.66 MiB | 13.00 KiB/s[0K[1G[?25h[?25lWriting objects:  56% (48/85), 2.67 MiB | 14.00 KiB/s[0K[1G[?25h[?25lWriting objects:  56% (48/85), 2.70 MiB | 14.00 KiB/s[0K[1G[?25h[?25lWriting objects:  56% (48/85), 2.72 MiB | 13.00 KiB/s[0K[1G[?25h[?25lWriting objects:  56% (48/85), 2.73 MiB | 14.00 KiB/s[0K[1G[?25h[?25lWriting objects:  56% (48/85), 2.75 MiB | 14.00 KiB/s[0K[1G[?25h[?25lWriting objects:  56% (48/85), 2.77 MiB | 14.00 KiB/s[0K[1G[?25h[?25lWriting objects:  56% (48/85), 2.78 MiB | 13.00 KiB/s[0K[1G[?25h[?25lWriting objects:  56% (48/85), 2.80 MiB | 13.00 KiB/s[0K[1G[?25h[?25lWriting objects:  56% (48/85), 2.81 MiB | 14.00 KiB/s[0K[1G[?25h[?25lWriting objects:  56% (48/85), 2.83 MiB | 13.00 KiB/s[0K[1G[?25h[?25lWriting objects:  56% (48/85), 2.84 MiB | 13.00 KiB/s[0K[1G[?25h[?25lWriting objects:  56% (48/85), 2.86 MiB | 13.00 KiB/s[0K[1G[?25h[?25lWriting objects:  56% (48/85), 2.88 MiB | 12.00 KiB/s[0K[1G[?25h[?25lWriting objects:  56% (48/85), 2.89 MiB | 12.00 KiB/s[0K[1G[?25h[?25lWriting objects:  56% (48/85), 2.91 MiB | 12.00 KiB/s[0K[1G[?25h[?25lWriting objects:  56% (48/85), 2.92 MiB | 12.00 KiB/s[0K[1G[?25h[?25lWriting objects:  56% (48/85), 2.94 MiB | 12.00 KiB/s[0K[1G[?25h[?25lWriting objects:  56% (48/85), 2.95 MiB | 12.00 KiB/s[0K[1G[?25h[?25lWriting objects:  56% (48/85), 2.97 MiB | 12.00 KiB/s[0K[1G[?25h[?25lWriting objects:  56% (48/85), 2.98 MiB | 12.00 KiB/s[0K[1G[?25h[?25lWriting objects:  56% (48/85), 3.00 MiB | 12.00 KiB/s[0K[1G[?25h[?25lWriting objects:  56% (48/85), 3.02 MiB | 13.00 KiB/s[0K[1G[?25h[?25lWriting objects:  56% (48/85), 3.03 MiB | 13.00 KiB/s[0K[1G[?25h[?25lWriting objects:  56% (48/85), 3.05 MiB | 13.00 KiB/s[0K[1G[?25h[?25lWriting objects:  56% (48/85), 3.06 MiB | 13.00 KiB/s[0K[1G[?25h[?25lWriting objects:  56% (48/85), 3.08 MiB | 13.00 KiB/s[0K[1G[?25h[?25lWriting objects:  56% (48/85), 3.09 MiB | 13.00 KiB/s[0K[1G[?25h[?25lWriting objects:  56% (48/85), 3.11 MiB | 13.00 KiB/s[0K[1G[?25h[?25lWriting objects:  56% (48/85), 3.13 MiB | 13.00 KiB/s[0K[1G[?25h[?25lWriting objects:  56% (48/85), 3.14 MiB | 13.00 KiB/s[0K[1G[?25h[?25lWriting objects:  56% (48/85), 3.16 MiB | 13.00 KiB/s[0K[1G[?25h[?25lWriting objects:  56% (48/85), 3.17 MiB | 14.00 KiB/s[0K[1G[?25h[?25lWriting objects:  56% (48/85), 3.19 MiB | 13.00 KiB/s[0K[1G[?25h[?25lWriting objects:  56% (48/85), 3.20 MiB | 13.00 KiB/s[0K[1G[?25h[?25lWriting objects:  56% (48/85), 3.22 MiB | 14.00 KiB/s[0K[1G[?25h[?25lWriting objects:  56% (48/85), 3.23 MiB | 13.00 KiB/s[0K[1G[?25h[?25lWriting objects:  56% (48/85), 3.25 MiB | 13.00 KiB/s[0K[1G[?25h[?25lWriting objects:  56% (48/85), 3.27 MiB | 14.00 KiB/s[0K[1G[?25h[?25lWriting objects:  56% (48/85), 3.28 MiB | 13.00 KiB/s[0K[1G[?25h[?25lWriting objects:  56% (48/85), 3.30 MiB | 14.00 KiB/s[0K[1G[?25h[?25lWriting objects:  56% (48/85), 3.31 MiB | 13.00 KiB/s[0K[1G[?25h[?25lWriting objects:  56% (48/85), 3.33 MiB | 13.00 KiB/s[0K[1G[?25h[?25lWriting objects:  56% (48/85), 3.34 MiB | 14.00 KiB/s[0K[1G[?25h[?25lWriting objects:  56% (48/85), 3.36 MiB | 13.00 KiB/s[0K[1G[?25h[?25lWriting objects:  56% (48/85), 3.38 MiB | 13.00 KiB/s[0K[1G[?25h[?25lWriting objects:  56% (48/85), 3.39 MiB | 13.00 KiB/s[0K[1G[?25h[?25lWriting objects:  56% (48/85), 3.41 MiB | 14.00 KiB/s[0K[1G[?25h[?25lWriting objects:  56% (48/85), 3.42 MiB | 14.00 KiB/s[0K[1G[?25h[?25lWriting objects:  56% (48/85), 3.44 MiB | 14.00 KiB/s[0K[1G[?25h[?25lWriting objects:  56% (48/85), 3.45 MiB | 13.00 KiB/s[0K[1G[?25h[?25lWriting objects:  56% (48/85), 3.47 MiB | 14.00 KiB/s[0K[1G[?25h[?25lWriting objects:  56% (48/85), 3.48 MiB | 13.00 KiB/s[0K[1G[?25h[?25lWriting objects:  56% (48/85), 3.50 MiB | 14.00 KiB/s[0K[1G[?25h[?25lWriting objects:  56% (48/85), 3.52 MiB | 14.00 KiB/s[0K[1G[?25h[?25lWriting objects:  56% (48/85), 3.53 MiB | 14.00 KiB/s[0K[1G[?25h[?25lWriting objects:  56% (48/85), 3.55 MiB | 13.00 KiB/s[0K[1G[?25h[?25lWriting objects:  56% (48/85), 3.56 MiB | 14.00 KiB/s[0K[1G[?25h[?25lWriting objects:  56% (48/85), 3.58 MiB | 13.00 KiB/s[0K[1G[?25h[?25leWrror: RPC failed; curl 56 OpenSSL SSL_read: SSL_ERROR_SYSCALL, errno 10054[0K[1G[?25h[?25l
fWatal: the remote end hung up unexpectedlybytes/s[0K
Writing objects:  81% (69/85), 3.59 MiB | 0 bytes/s[0K[1G[?25h[?25lWriting objects:  91% (78/85), 3.59 MiB | 0 bytes/s[0K[1G[?25h[?25lWriting objects:  95% (81/85), 3.59 MiB | 0 bytes/s[0K[1G[?25h[?25lWriting objects:  96% (82/85), 4.63 MiB | 3.00 KiB/s[0K[1G[?25hWriting objects: 100% (85/85), 8.51 MiB | 15.00 KiB/s, done.[0K[?25l
Total 85 (delta 13), reused 0 (delta 0)[0K
fatal: the remote end hung up unexpectedly[0K
[0K[?25hEverything up-to-date[0K[?25l
[0K[?25h[?25l
[0;32mWEUZE@LAPTOP-7EBLBEUS [0;35m [0;33m~/Documents/BIOINFORMATICS/mouse_gene_data_project[0;36m (master)[0m[0K
$[0K[3G[?25h[?25l$ git push -u origin master[0K[?25h[?25l
[0K[?25hfatal: unable to access 'https://github.com/weuze/mouseg_gene_data_analysis.git/': Could not resolve host: github.com[0K[?25l
[0K[?25h[?25l
[0;32mWEUZE@LAPTOP-7EBLBEUS [0;35m [0;33m~/Documents/BIOINFORMATICS/mouse_gene_data_project[0;36m (master)[0m[0K
$[0K[3G[?25h[?25l$ g[0K[?25hi[0Kt[0K[7G[?25l$ git a[0K[?25hd[0Kd[0K[11G[?25l$ git add .[0K[?25h[?25l
[0K[?25h